VCD info: dumpfile top.vcd opened for output.
Time	PC		Instr		ALU		RegWrite
t=0 PC=00000000 IADDR=00000000 IRDATA=000030b7 INSTR=000030b7
t=25000 PC=00000004 IADDR=00000004 IRDATA=00100113 INSTR=00100113
t=35000 PC=00000008 IADDR=00000008 IRDATA=0020a423 INSTR=0020a423
t=45000 PC=0000000c IADDR=0000000c IRDATA=00000013 INSTR=00000013
t=55000 PC=00000010 IADDR=00000010 IRDATA=00000013 INSTR=00000013
t=65000 PC=00000014 IADDR=00000014 IRDATA=00000013 INSTR=00000013
t=75000 PC=00000018 IADDR=00000018 IRDATA=00000013 INSTR=00000013
t=85000 PC=0000001c IADDR=0000001c IRDATA=00000013 INSTR=00000013
t=95000 PC=00000020 IADDR=00000020 IRDATA=00000013 INSTR=00000013
t=105000 PC=00000024 IADDR=00000024 IRDATA=00000013 INSTR=00000013
t=115000 PC=00000028 IADDR=00000028 IRDATA=00000013 INSTR=00000013
t=125000 PC=0000002c IADDR=0000002c IRDATA=00000013 INSTR=00000013
t=135000 PC=00000030 IADDR=00000030 IRDATA=00000013 INSTR=00000013
t=145000 PC=00000034 IADDR=00000034 IRDATA=00000013 INSTR=00000013
t=155000 PC=00000038 IADDR=00000038 IRDATA=00000013 INSTR=00000013
t=165000 PC=0000003c IADDR=0000003c IRDATA=00000013 INSTR=00000013
t=175000 PC=00000040 IADDR=00000040 IRDATA=00000013 INSTR=00000013
t=185000 PC=00000044 IADDR=00000044 IRDATA=00000013 INSTR=00000013
t=195000 PC=00000048 IADDR=00000048 IRDATA=00000013 INSTR=00000013
t=205000 PC=0000004c IADDR=0000004c IRDATA=00000013 INSTR=00000013
t=215000 PC=00000050 IADDR=00000050 IRDATA=00000013 INSTR=00000013
t=225000 PC=00000054 IADDR=00000054 IRDATA=00000013 INSTR=00000013
t=235000 PC=00000058 IADDR=00000058 IRDATA=00000013 INSTR=00000013
t=245000 PC=0000005c IADDR=0000005c IRDATA=00000013 INSTR=00000013
t=255000 PC=00000060 IADDR=00000060 IRDATA=00000013 INSTR=00000013
t=265000 PC=00000064 IADDR=00000064 IRDATA=00000013 INSTR=00000013
t=275000 PC=00000068 IADDR=00000068 IRDATA=00000013 INSTR=00000013
t=285000 PC=0000006c IADDR=0000006c IRDATA=00000013 INSTR=00000013
t=295000 PC=00000070 IADDR=00000070 IRDATA=00000013 INSTR=00000013
t=305000 PC=00000074 IADDR=00000074 IRDATA=00000013 INSTR=00000013
t=315000 PC=00000078 IADDR=00000078 IRDATA=00000013 INSTR=00000013
t=325000 PC=0000007c IADDR=0000007c IRDATA=00000013 INSTR=00000013
t=335000 PC=00000080 IADDR=00000080 IRDATA=00000013 INSTR=00000013
t=345000 PC=00000084 IADDR=00000084 IRDATA=00000013 INSTR=00000013
t=355000 PC=00000088 IADDR=00000088 IRDATA=00000013 INSTR=00000013
t=365000 PC=0000008c IADDR=0000008c IRDATA=00000013 INSTR=00000013
t=375000 PC=00000090 IADDR=00000090 IRDATA=00000013 INSTR=00000013
t=385000 PC=00000094 IADDR=00000094 IRDATA=00000013 INSTR=00000013
t=395000 PC=00000098 IADDR=00000098 IRDATA=00000013 INSTR=00000013
t=405000 PC=0000009c IADDR=0000009c IRDATA=00000013 INSTR=00000013
t=415000 PC=000000a0 IADDR=000000a0 IRDATA=00000013 INSTR=00000013
t=425000 PC=000000a4 IADDR=000000a4 IRDATA=00000013 INSTR=00000013
t=435000 PC=000000a8 IADDR=000000a8 IRDATA=00000013 INSTR=00000013
t=445000 PC=000000ac IADDR=000000ac IRDATA=00000013 INSTR=00000013
t=455000 PC=000000b0 IADDR=000000b0 IRDATA=00000013 INSTR=00000013
t=465000 PC=000000b4 IADDR=000000b4 IRDATA=00000013 INSTR=00000013
t=475000 PC=000000b8 IADDR=000000b8 IRDATA=00000013 INSTR=00000013
t=485000 PC=000000bc IADDR=000000bc IRDATA=00000013 INSTR=00000013
t=495000 PC=000000c0 IADDR=000000c0 IRDATA=00000013 INSTR=00000013
t=505000 PC=000000c4 IADDR=000000c4 IRDATA=00000013 INSTR=00000013
t=515000 PC=000000c8 IADDR=000000c8 IRDATA=00000013 INSTR=00000013
t=525000 PC=000000cc IADDR=000000cc IRDATA=00000013 INSTR=00000013
t=535000 PC=000000d0 IADDR=000000d0 IRDATA=00000013 INSTR=00000013
t=545000 PC=000000d4 IADDR=000000d4 IRDATA=00000013 INSTR=00000013
t=555000 PC=000000d8 IADDR=000000d8 IRDATA=00000013 INSTR=00000013
t=565000 PC=000000dc IADDR=000000dc IRDATA=00000013 INSTR=00000013
t=575000 PC=000000e0 IADDR=000000e0 IRDATA=00000013 INSTR=00000013
t=585000 PC=000000e4 IADDR=000000e4 IRDATA=00000013 INSTR=00000013
t=595000 PC=000000e8 IADDR=000000e8 IRDATA=00000013 INSTR=00000013
t=605000 PC=000000ec IADDR=000000ec IRDATA=00000013 INSTR=00000013
t=615000 PC=000000f0 IADDR=000000f0 IRDATA=00000013 INSTR=00000013
t=625000 PC=000000f4 IADDR=000000f4 IRDATA=00000013 INSTR=00000013
t=635000 PC=000000f8 IADDR=000000f8 IRDATA=00000013 INSTR=00000013
t=645000 PC=000000fc IADDR=000000fc IRDATA=00000013 INSTR=00000013
t=655000 PC=00000100 IADDR=00000100 IRDATA=00000013 INSTR=00000013
t=665000 PC=00000104 IADDR=00000104 IRDATA=00000013 INSTR=00000013
t=675000 PC=00000108 IADDR=00000108 IRDATA=00000013 INSTR=00000013
t=685000 PC=0000010c IADDR=0000010c IRDATA=00000013 INSTR=00000013
t=695000 PC=00000110 IADDR=00000110 IRDATA=00000013 INSTR=00000013
t=705000 PC=00000114 IADDR=00000114 IRDATA=00000013 INSTR=00000013
t=715000 PC=00000118 IADDR=00000118 IRDATA=00000013 INSTR=00000013
t=725000 PC=0000011c IADDR=0000011c IRDATA=00000013 INSTR=00000013
t=735000 PC=00000120 IADDR=00000120 IRDATA=00000013 INSTR=00000013
t=745000 PC=00000124 IADDR=00000124 IRDATA=00000013 INSTR=00000013
t=755000 PC=00000128 IADDR=00000128 IRDATA=00000013 INSTR=00000013
t=765000 PC=0000012c IADDR=0000012c IRDATA=00000013 INSTR=00000013
t=775000 PC=00000130 IADDR=00000130 IRDATA=00000013 INSTR=00000013
t=785000 PC=00000134 IADDR=00000134 IRDATA=00000013 INSTR=00000013
t=795000 PC=00000138 IADDR=00000138 IRDATA=00000013 INSTR=00000013
t=805000 PC=0000013c IADDR=0000013c IRDATA=00000013 INSTR=00000013
t=815000 PC=00000140 IADDR=00000140 IRDATA=00000013 INSTR=00000013
t=825000 PC=00000144 IADDR=00000144 IRDATA=00000013 INSTR=00000013
t=835000 PC=00000148 IADDR=00000148 IRDATA=00000013 INSTR=00000013
t=845000 PC=0000014c IADDR=0000014c IRDATA=00000013 INSTR=00000013
t=855000 PC=00000150 IADDR=00000150 IRDATA=00000013 INSTR=00000013
t=865000 PC=00000154 IADDR=00000154 IRDATA=00000013 INSTR=00000013
t=875000 PC=00000158 IADDR=00000158 IRDATA=00000013 INSTR=00000013
t=885000 PC=0000015c IADDR=0000015c IRDATA=00000013 INSTR=00000013
t=895000 PC=00000160 IADDR=00000160 IRDATA=00000013 INSTR=00000013
t=905000 PC=00000164 IADDR=00000164 IRDATA=00000013 INSTR=00000013
t=915000 PC=00000168 IADDR=00000168 IRDATA=00000013 INSTR=00000013
t=925000 PC=0000016c IADDR=0000016c IRDATA=00000013 INSTR=00000013
t=935000 PC=00000170 IADDR=00000170 IRDATA=00000013 INSTR=00000013
t=945000 PC=00000174 IADDR=00000174 IRDATA=00000013 INSTR=00000013
t=955000 PC=00000178 IADDR=00000178 IRDATA=00000013 INSTR=00000013
t=965000 PC=0000017c IADDR=0000017c IRDATA=00000013 INSTR=00000013
t=975000 PC=00000180 IADDR=00000180 IRDATA=00000013 INSTR=00000013
t=985000 PC=00000184 IADDR=00000184 IRDATA=00000013 INSTR=00000013
t=995000 PC=00000188 IADDR=00000188 IRDATA=00000013 INSTR=00000013
t=1005000 PC=0000018c IADDR=0000018c IRDATA=00000013 INSTR=00000013
t=1015000 PC=00000190 IADDR=00000190 IRDATA=00000013 INSTR=00000013
t=1025000 PC=00000194 IADDR=00000194 IRDATA=00000013 INSTR=00000013
t=1035000 PC=00000198 IADDR=00000198 IRDATA=00000013 INSTR=00000013
t=1045000 PC=0000019c IADDR=0000019c IRDATA=00000013 INSTR=00000013
t=1055000 PC=000001a0 IADDR=000001a0 IRDATA=00000013 INSTR=00000013
t=1065000 PC=000001a4 IADDR=000001a4 IRDATA=00000013 INSTR=00000013
t=1075000 PC=000001a8 IADDR=000001a8 IRDATA=00000013 INSTR=00000013
t=1085000 PC=000001ac IADDR=000001ac IRDATA=00000013 INSTR=00000013
t=1095000 PC=000001b0 IADDR=000001b0 IRDATA=00000013 INSTR=00000013
t=1105000 PC=000001b4 IADDR=000001b4 IRDATA=00000013 INSTR=00000013
t=1115000 PC=000001b8 IADDR=000001b8 IRDATA=00000013 INSTR=00000013
t=1125000 PC=000001bc IADDR=000001bc IRDATA=00000013 INSTR=00000013
t=1135000 PC=000001c0 IADDR=000001c0 IRDATA=00000013 INSTR=00000013
t=1145000 PC=000001c4 IADDR=000001c4 IRDATA=00000013 INSTR=00000013
t=1155000 PC=000001c8 IADDR=000001c8 IRDATA=00000013 INSTR=00000013
t=1165000 PC=000001cc IADDR=000001cc IRDATA=00000013 INSTR=00000013
t=1175000 PC=000001d0 IADDR=000001d0 IRDATA=00000013 INSTR=00000013
t=1185000 PC=000001d4 IADDR=000001d4 IRDATA=00000013 INSTR=00000013
t=1195000 PC=000001d8 IADDR=000001d8 IRDATA=00000013 INSTR=00000013
t=1205000 PC=000001dc IADDR=000001dc IRDATA=00000013 INSTR=00000013
t=1215000 PC=000001e0 IADDR=000001e0 IRDATA=00000013 INSTR=00000013
t=1225000 PC=000001e4 IADDR=000001e4 IRDATA=00000013 INSTR=00000013
t=1235000 PC=000001e8 IADDR=000001e8 IRDATA=00000013 INSTR=00000013
t=1245000 PC=000001ec IADDR=000001ec IRDATA=00000013 INSTR=00000013
t=1255000 PC=000001f0 IADDR=000001f0 IRDATA=00000013 INSTR=00000013
t=1265000 PC=000001f4 IADDR=000001f4 IRDATA=00000013 INSTR=00000013
t=1275000 PC=000001f8 IADDR=000001f8 IRDATA=00000013 INSTR=00000013
t=1285000 PC=000001fc IADDR=000001fc IRDATA=00000013 INSTR=00000013
t=1295000 PC=00000200 IADDR=00000200 IRDATA=00000013 INSTR=00000013
t=1305000 PC=00000204 IADDR=00000204 IRDATA=00000013 INSTR=00000013
t=1315000 PC=00000208 IADDR=00000208 IRDATA=00000013 INSTR=00000013
t=1325000 PC=0000020c IADDR=0000020c IRDATA=00000013 INSTR=00000013
t=1335000 PC=00000210 IADDR=00000210 IRDATA=00000013 INSTR=00000013
t=1345000 PC=00000214 IADDR=00000214 IRDATA=00000013 INSTR=00000013
t=1355000 PC=00000218 IADDR=00000218 IRDATA=00000013 INSTR=00000013
t=1365000 PC=0000021c IADDR=0000021c IRDATA=00000013 INSTR=00000013
t=1375000 PC=00000220 IADDR=00000220 IRDATA=00000013 INSTR=00000013
t=1385000 PC=00000224 IADDR=00000224 IRDATA=00000013 INSTR=00000013
t=1395000 PC=00000228 IADDR=00000228 IRDATA=00000013 INSTR=00000013
t=1405000 PC=0000022c IADDR=0000022c IRDATA=00000013 INSTR=00000013
t=1415000 PC=00000230 IADDR=00000230 IRDATA=00000013 INSTR=00000013
t=1425000 PC=00000234 IADDR=00000234 IRDATA=00000013 INSTR=00000013
t=1435000 PC=00000238 IADDR=00000238 IRDATA=00000013 INSTR=00000013
t=1445000 PC=0000023c IADDR=0000023c IRDATA=00000013 INSTR=00000013
t=1455000 PC=00000240 IADDR=00000240 IRDATA=00000013 INSTR=00000013
t=1465000 PC=00000244 IADDR=00000244 IRDATA=00000013 INSTR=00000013
t=1475000 PC=00000248 IADDR=00000248 IRDATA=00000013 INSTR=00000013
t=1485000 PC=0000024c IADDR=0000024c IRDATA=00000013 INSTR=00000013
t=1495000 PC=00000250 IADDR=00000250 IRDATA=00000013 INSTR=00000013
t=1505000 PC=00000254 IADDR=00000254 IRDATA=00000013 INSTR=00000013
t=1515000 PC=00000258 IADDR=00000258 IRDATA=00000013 INSTR=00000013
t=1525000 PC=0000025c IADDR=0000025c IRDATA=00000013 INSTR=00000013
t=1535000 PC=00000260 IADDR=00000260 IRDATA=00000013 INSTR=00000013
t=1545000 PC=00000264 IADDR=00000264 IRDATA=00000013 INSTR=00000013
t=1555000 PC=00000268 IADDR=00000268 IRDATA=00000013 INSTR=00000013
t=1565000 PC=0000026c IADDR=0000026c IRDATA=00000013 INSTR=00000013
t=1575000 PC=00000270 IADDR=00000270 IRDATA=00000013 INSTR=00000013
t=1585000 PC=00000274 IADDR=00000274 IRDATA=00000013 INSTR=00000013
t=1595000 PC=00000278 IADDR=00000278 IRDATA=00000013 INSTR=00000013
t=1605000 PC=0000027c IADDR=0000027c IRDATA=00000013 INSTR=00000013
t=1615000 PC=00000280 IADDR=00000280 IRDATA=00000013 INSTR=00000013
t=1625000 PC=00000284 IADDR=00000284 IRDATA=00000013 INSTR=00000013
t=1635000 PC=00000288 IADDR=00000288 IRDATA=00000013 INSTR=00000013
t=1645000 PC=0000028c IADDR=0000028c IRDATA=00000013 INSTR=00000013
t=1655000 PC=00000290 IADDR=00000290 IRDATA=00000013 INSTR=00000013
t=1665000 PC=00000294 IADDR=00000294 IRDATA=00000013 INSTR=00000013
t=1675000 PC=00000298 IADDR=00000298 IRDATA=00000013 INSTR=00000013
t=1685000 PC=0000029c IADDR=0000029c IRDATA=00000013 INSTR=00000013
t=1695000 PC=000002a0 IADDR=000002a0 IRDATA=00000013 INSTR=00000013
t=1705000 PC=000002a4 IADDR=000002a4 IRDATA=00000013 INSTR=00000013
t=1715000 PC=000002a8 IADDR=000002a8 IRDATA=00000013 INSTR=00000013
t=1725000 PC=000002ac IADDR=000002ac IRDATA=00000013 INSTR=00000013
t=1735000 PC=000002b0 IADDR=000002b0 IRDATA=00000013 INSTR=00000013
t=1745000 PC=000002b4 IADDR=000002b4 IRDATA=00000013 INSTR=00000013
t=1755000 PC=000002b8 IADDR=000002b8 IRDATA=00000013 INSTR=00000013
t=1765000 PC=000002bc IADDR=000002bc IRDATA=00000013 INSTR=00000013
t=1775000 PC=000002c0 IADDR=000002c0 IRDATA=00000013 INSTR=00000013
t=1785000 PC=000002c4 IADDR=000002c4 IRDATA=00000013 INSTR=00000013
t=1795000 PC=000002c8 IADDR=000002c8 IRDATA=00000013 INSTR=00000013
t=1805000 PC=000002cc IADDR=000002cc IRDATA=00000013 INSTR=00000013
t=1815000 PC=000002d0 IADDR=000002d0 IRDATA=00000013 INSTR=00000013
t=1825000 PC=000002d4 IADDR=000002d4 IRDATA=00000013 INSTR=00000013
t=1835000 PC=000002d8 IADDR=000002d8 IRDATA=00000013 INSTR=00000013
t=1845000 PC=000002dc IADDR=000002dc IRDATA=00000013 INSTR=00000013
t=1855000 PC=000002e0 IADDR=000002e0 IRDATA=00000013 INSTR=00000013
t=1865000 PC=000002e4 IADDR=000002e4 IRDATA=00000013 INSTR=00000013
t=1875000 PC=000002e8 IADDR=000002e8 IRDATA=00000013 INSTR=00000013
t=1885000 PC=000002ec IADDR=000002ec IRDATA=00000013 INSTR=00000013
t=1895000 PC=000002f0 IADDR=000002f0 IRDATA=00000013 INSTR=00000013
t=1905000 PC=000002f4 IADDR=000002f4 IRDATA=00000013 INSTR=00000013
t=1915000 PC=000002f8 IADDR=000002f8 IRDATA=00000013 INSTR=00000013
t=1925000 PC=000002fc IADDR=000002fc IRDATA=00000013 INSTR=00000013
t=1935000 PC=00000300 IADDR=00000300 IRDATA=00000013 INSTR=00000013
t=1945000 PC=00000304 IADDR=00000304 IRDATA=00000013 INSTR=00000013
t=1955000 PC=00000308 IADDR=00000308 IRDATA=00000013 INSTR=00000013
t=1965000 PC=0000030c IADDR=0000030c IRDATA=00000013 INSTR=00000013
t=1975000 PC=00000310 IADDR=00000310 IRDATA=00000013 INSTR=00000013
t=1985000 PC=00000314 IADDR=00000314 IRDATA=00000013 INSTR=00000013
t=1995000 PC=00000318 IADDR=00000318 IRDATA=00000013 INSTR=00000013
t=2005000 PC=0000031c IADDR=0000031c IRDATA=00000013 INSTR=00000013
t=2015000 PC=00000320 IADDR=00000320 IRDATA=00000013 INSTR=00000013
t=2025000 PC=00000324 IADDR=00000324 IRDATA=00000013 INSTR=00000013
t=2035000 PC=00000328 IADDR=00000328 IRDATA=00000013 INSTR=00000013
t=2045000 PC=0000032c IADDR=0000032c IRDATA=00000013 INSTR=00000013
t=2055000 PC=00000330 IADDR=00000330 IRDATA=00000013 INSTR=00000013
t=2065000 PC=00000334 IADDR=00000334 IRDATA=00000013 INSTR=00000013
t=2075000 PC=00000338 IADDR=00000338 IRDATA=00000013 INSTR=00000013
t=2085000 PC=0000033c IADDR=0000033c IRDATA=00000013 INSTR=00000013
t=2095000 PC=00000340 IADDR=00000340 IRDATA=00000013 INSTR=00000013
t=2105000 PC=00000344 IADDR=00000344 IRDATA=00000013 INSTR=00000013
t=2115000 PC=00000348 IADDR=00000348 IRDATA=00000013 INSTR=00000013
t=2125000 PC=0000034c IADDR=0000034c IRDATA=00000013 INSTR=00000013
t=2135000 PC=00000350 IADDR=00000350 IRDATA=00000013 INSTR=00000013
t=2145000 PC=00000354 IADDR=00000354 IRDATA=00000013 INSTR=00000013
t=2155000 PC=00000358 IADDR=00000358 IRDATA=00000013 INSTR=00000013
t=2165000 PC=0000035c IADDR=0000035c IRDATA=00000013 INSTR=00000013
t=2175000 PC=00000360 IADDR=00000360 IRDATA=00000013 INSTR=00000013
t=2185000 PC=00000364 IADDR=00000364 IRDATA=00000013 INSTR=00000013
t=2195000 PC=00000368 IADDR=00000368 IRDATA=00000013 INSTR=00000013
t=2205000 PC=0000036c IADDR=0000036c IRDATA=00000013 INSTR=00000013
t=2215000 PC=00000370 IADDR=00000370 IRDATA=00000013 INSTR=00000013
t=2225000 PC=00000374 IADDR=00000374 IRDATA=00000013 INSTR=00000013
t=2235000 PC=00000378 IADDR=00000378 IRDATA=00000013 INSTR=00000013
t=2245000 PC=0000037c IADDR=0000037c IRDATA=00000013 INSTR=00000013
t=2255000 PC=00000380 IADDR=00000380 IRDATA=00000013 INSTR=00000013
t=2265000 PC=00000384 IADDR=00000384 IRDATA=00000013 INSTR=00000013
t=2275000 PC=00000388 IADDR=00000388 IRDATA=00000013 INSTR=00000013
t=2285000 PC=0000038c IADDR=0000038c IRDATA=00000013 INSTR=00000013
t=2295000 PC=00000390 IADDR=00000390 IRDATA=00000013 INSTR=00000013
t=2305000 PC=00000394 IADDR=00000394 IRDATA=00000013 INSTR=00000013
t=2315000 PC=00000398 IADDR=00000398 IRDATA=00000013 INSTR=00000013
t=2325000 PC=0000039c IADDR=0000039c IRDATA=00000013 INSTR=00000013
t=2335000 PC=000003a0 IADDR=000003a0 IRDATA=00000013 INSTR=00000013
t=2345000 PC=000003a4 IADDR=000003a4 IRDATA=00000013 INSTR=00000013
t=2355000 PC=000003a8 IADDR=000003a8 IRDATA=00000013 INSTR=00000013
t=2365000 PC=000003ac IADDR=000003ac IRDATA=00000013 INSTR=00000013
t=2375000 PC=000003b0 IADDR=000003b0 IRDATA=00000013 INSTR=00000013
t=2385000 PC=000003b4 IADDR=000003b4 IRDATA=00000013 INSTR=00000013
t=2395000 PC=000003b8 IADDR=000003b8 IRDATA=00000013 INSTR=00000013
t=2405000 PC=000003bc IADDR=000003bc IRDATA=00000013 INSTR=00000013
t=2415000 PC=000003c0 IADDR=000003c0 IRDATA=00000013 INSTR=00000013
t=2425000 PC=000003c4 IADDR=000003c4 IRDATA=00000013 INSTR=00000013
t=2435000 PC=000003c8 IADDR=000003c8 IRDATA=00000013 INSTR=00000013
t=2445000 PC=000003cc IADDR=000003cc IRDATA=00000013 INSTR=00000013
t=2455000 PC=000003d0 IADDR=000003d0 IRDATA=00000013 INSTR=00000013
t=2465000 PC=000003d4 IADDR=000003d4 IRDATA=00000013 INSTR=00000013
t=2475000 PC=000003d8 IADDR=000003d8 IRDATA=00000013 INSTR=00000013
t=2485000 PC=000003dc IADDR=000003dc IRDATA=00000013 INSTR=00000013
t=2495000 PC=000003e0 IADDR=000003e0 IRDATA=00000013 INSTR=00000013
t=2505000 PC=000003e4 IADDR=000003e4 IRDATA=00000013 INSTR=00000013
t=2515000 PC=000003e8 IADDR=000003e8 IRDATA=00000013 INSTR=00000013
t=2525000 PC=000003ec IADDR=000003ec IRDATA=00000013 INSTR=00000013
t=2535000 PC=000003f0 IADDR=000003f0 IRDATA=00000013 INSTR=00000013
t=2545000 PC=000003f4 IADDR=000003f4 IRDATA=00000013 INSTR=00000013
t=2555000 PC=000003f8 IADDR=000003f8 IRDATA=00000013 INSTR=00000013
t=2565000 PC=000003fc IADDR=000003fc IRDATA=00000013 INSTR=00000013
t=2575000 PC=00000400 IADDR=00000400 IRDATA=000030b7 INSTR=000030b7
t=2585000 PC=00000404 IADDR=00000404 IRDATA=00100113 INSTR=00100113
t=2595000 PC=00000408 IADDR=00000408 IRDATA=0020a423 INSTR=0020a423
t=2605000 PC=0000040c IADDR=0000040c IRDATA=00000013 INSTR=00000013
t=2615000 PC=00000410 IADDR=00000410 IRDATA=00000013 INSTR=00000013
t=2625000 PC=00000414 IADDR=00000414 IRDATA=00000013 INSTR=00000013
t=2635000 PC=00000418 IADDR=00000418 IRDATA=00000013 INSTR=00000013
t=2645000 PC=0000041c IADDR=0000041c IRDATA=00000013 INSTR=00000013
t=2655000 PC=00000420 IADDR=00000420 IRDATA=00000013 INSTR=00000013
t=2665000 PC=00000424 IADDR=00000424 IRDATA=00000013 INSTR=00000013
t=2675000 PC=00000428 IADDR=00000428 IRDATA=00000013 INSTR=00000013
t=2685000 PC=0000042c IADDR=0000042c IRDATA=00000013 INSTR=00000013
t=2695000 PC=00000430 IADDR=00000430 IRDATA=00000013 INSTR=00000013
t=2705000 PC=00000434 IADDR=00000434 IRDATA=00000013 INSTR=00000013
t=2715000 PC=00000438 IADDR=00000438 IRDATA=00000013 INSTR=00000013
t=2725000 PC=0000043c IADDR=0000043c IRDATA=00000013 INSTR=00000013
t=2735000 PC=00000440 IADDR=00000440 IRDATA=00000013 INSTR=00000013
t=2745000 PC=00000444 IADDR=00000444 IRDATA=00000013 INSTR=00000013
t=2755000 PC=00000448 IADDR=00000448 IRDATA=00000013 INSTR=00000013
t=2765000 PC=0000044c IADDR=0000044c IRDATA=00000013 INSTR=00000013
t=2775000 PC=00000450 IADDR=00000450 IRDATA=00000013 INSTR=00000013
t=2785000 PC=00000454 IADDR=00000454 IRDATA=00000013 INSTR=00000013
t=2795000 PC=00000458 IADDR=00000458 IRDATA=00000013 INSTR=00000013
t=2805000 PC=0000045c IADDR=0000045c IRDATA=00000013 INSTR=00000013
t=2815000 PC=00000460 IADDR=00000460 IRDATA=00000013 INSTR=00000013
t=2825000 PC=00000464 IADDR=00000464 IRDATA=00000013 INSTR=00000013
t=2835000 PC=00000468 IADDR=00000468 IRDATA=00000013 INSTR=00000013
t=2845000 PC=0000046c IADDR=0000046c IRDATA=00000013 INSTR=00000013
t=2855000 PC=00000470 IADDR=00000470 IRDATA=00000013 INSTR=00000013
t=2865000 PC=00000474 IADDR=00000474 IRDATA=00000013 INSTR=00000013
t=2875000 PC=00000478 IADDR=00000478 IRDATA=00000013 INSTR=00000013
t=2885000 PC=0000047c IADDR=0000047c IRDATA=00000013 INSTR=00000013
t=2895000 PC=00000480 IADDR=00000480 IRDATA=00000013 INSTR=00000013
t=2905000 PC=00000484 IADDR=00000484 IRDATA=00000013 INSTR=00000013
t=2915000 PC=00000488 IADDR=00000488 IRDATA=00000013 INSTR=00000013
t=2925000 PC=0000048c IADDR=0000048c IRDATA=00000013 INSTR=00000013
t=2935000 PC=00000490 IADDR=00000490 IRDATA=00000013 INSTR=00000013
t=2945000 PC=00000494 IADDR=00000494 IRDATA=00000013 INSTR=00000013
t=2955000 PC=00000498 IADDR=00000498 IRDATA=00000013 INSTR=00000013
t=2965000 PC=0000049c IADDR=0000049c IRDATA=00000013 INSTR=00000013
t=2975000 PC=000004a0 IADDR=000004a0 IRDATA=00000013 INSTR=00000013
t=2985000 PC=000004a4 IADDR=000004a4 IRDATA=00000013 INSTR=00000013
t=2995000 PC=000004a8 IADDR=000004a8 IRDATA=00000013 INSTR=00000013
t=3005000 PC=000004ac IADDR=000004ac IRDATA=00000013 INSTR=00000013
t=3015000 PC=000004b0 IADDR=000004b0 IRDATA=00000013 INSTR=00000013
t=3025000 PC=000004b4 IADDR=000004b4 IRDATA=00000013 INSTR=00000013
t=3035000 PC=000004b8 IADDR=000004b8 IRDATA=00000013 INSTR=00000013
t=3045000 PC=000004bc IADDR=000004bc IRDATA=00000013 INSTR=00000013
t=3055000 PC=000004c0 IADDR=000004c0 IRDATA=00000013 INSTR=00000013
t=3065000 PC=000004c4 IADDR=000004c4 IRDATA=00000013 INSTR=00000013
t=3075000 PC=000004c8 IADDR=000004c8 IRDATA=00000013 INSTR=00000013
t=3085000 PC=000004cc IADDR=000004cc IRDATA=00000013 INSTR=00000013
t=3095000 PC=000004d0 IADDR=000004d0 IRDATA=00000013 INSTR=00000013
t=3105000 PC=000004d4 IADDR=000004d4 IRDATA=00000013 INSTR=00000013
t=3115000 PC=000004d8 IADDR=000004d8 IRDATA=00000013 INSTR=00000013
t=3125000 PC=000004dc IADDR=000004dc IRDATA=00000013 INSTR=00000013
t=3135000 PC=000004e0 IADDR=000004e0 IRDATA=00000013 INSTR=00000013
t=3145000 PC=000004e4 IADDR=000004e4 IRDATA=00000013 INSTR=00000013
t=3155000 PC=000004e8 IADDR=000004e8 IRDATA=00000013 INSTR=00000013
t=3165000 PC=000004ec IADDR=000004ec IRDATA=00000013 INSTR=00000013
t=3175000 PC=000004f0 IADDR=000004f0 IRDATA=00000013 INSTR=00000013
t=3185000 PC=000004f4 IADDR=000004f4 IRDATA=00000013 INSTR=00000013
t=3195000 PC=000004f8 IADDR=000004f8 IRDATA=00000013 INSTR=00000013
t=3205000 PC=000004fc IADDR=000004fc IRDATA=00000013 INSTR=00000013
t=3215000 PC=00000500 IADDR=00000500 IRDATA=00000013 INSTR=00000013
t=3225000 PC=00000504 IADDR=00000504 IRDATA=00000013 INSTR=00000013
t=3235000 PC=00000508 IADDR=00000508 IRDATA=00000013 INSTR=00000013
t=3245000 PC=0000050c IADDR=0000050c IRDATA=00000013 INSTR=00000013
t=3255000 PC=00000510 IADDR=00000510 IRDATA=00000013 INSTR=00000013
t=3265000 PC=00000514 IADDR=00000514 IRDATA=00000013 INSTR=00000013
t=3275000 PC=00000518 IADDR=00000518 IRDATA=00000013 INSTR=00000013
t=3285000 PC=0000051c IADDR=0000051c IRDATA=00000013 INSTR=00000013
t=3295000 PC=00000520 IADDR=00000520 IRDATA=00000013 INSTR=00000013
t=3305000 PC=00000524 IADDR=00000524 IRDATA=00000013 INSTR=00000013
t=3315000 PC=00000528 IADDR=00000528 IRDATA=00000013 INSTR=00000013
t=3325000 PC=0000052c IADDR=0000052c IRDATA=00000013 INSTR=00000013
t=3335000 PC=00000530 IADDR=00000530 IRDATA=00000013 INSTR=00000013
t=3345000 PC=00000534 IADDR=00000534 IRDATA=00000013 INSTR=00000013
t=3355000 PC=00000538 IADDR=00000538 IRDATA=00000013 INSTR=00000013
t=3365000 PC=0000053c IADDR=0000053c IRDATA=00000013 INSTR=00000013
t=3375000 PC=00000540 IADDR=00000540 IRDATA=00000013 INSTR=00000013
t=3385000 PC=00000544 IADDR=00000544 IRDATA=00000013 INSTR=00000013
t=3395000 PC=00000548 IADDR=00000548 IRDATA=00000013 INSTR=00000013
t=3405000 PC=0000054c IADDR=0000054c IRDATA=00000013 INSTR=00000013
t=3415000 PC=00000550 IADDR=00000550 IRDATA=00000013 INSTR=00000013
t=3425000 PC=00000554 IADDR=00000554 IRDATA=00000013 INSTR=00000013
t=3435000 PC=00000558 IADDR=00000558 IRDATA=00000013 INSTR=00000013
t=3445000 PC=0000055c IADDR=0000055c IRDATA=00000013 INSTR=00000013
t=3455000 PC=00000560 IADDR=00000560 IRDATA=00000013 INSTR=00000013
t=3465000 PC=00000564 IADDR=00000564 IRDATA=00000013 INSTR=00000013
t=3475000 PC=00000568 IADDR=00000568 IRDATA=00000013 INSTR=00000013
t=3485000 PC=0000056c IADDR=0000056c IRDATA=00000013 INSTR=00000013
t=3495000 PC=00000570 IADDR=00000570 IRDATA=00000013 INSTR=00000013
t=3505000 PC=00000574 IADDR=00000574 IRDATA=00000013 INSTR=00000013
t=3515000 PC=00000578 IADDR=00000578 IRDATA=00000013 INSTR=00000013
t=3525000 PC=0000057c IADDR=0000057c IRDATA=00000013 INSTR=00000013
t=3535000 PC=00000580 IADDR=00000580 IRDATA=00000013 INSTR=00000013
t=3545000 PC=00000584 IADDR=00000584 IRDATA=00000013 INSTR=00000013
t=3555000 PC=00000588 IADDR=00000588 IRDATA=00000013 INSTR=00000013
t=3565000 PC=0000058c IADDR=0000058c IRDATA=00000013 INSTR=00000013
t=3575000 PC=00000590 IADDR=00000590 IRDATA=00000013 INSTR=00000013
t=3585000 PC=00000594 IADDR=00000594 IRDATA=00000013 INSTR=00000013
t=3595000 PC=00000598 IADDR=00000598 IRDATA=00000013 INSTR=00000013
t=3605000 PC=0000059c IADDR=0000059c IRDATA=00000013 INSTR=00000013
t=3615000 PC=000005a0 IADDR=000005a0 IRDATA=00000013 INSTR=00000013
t=3625000 PC=000005a4 IADDR=000005a4 IRDATA=00000013 INSTR=00000013
t=3635000 PC=000005a8 IADDR=000005a8 IRDATA=00000013 INSTR=00000013
t=3645000 PC=000005ac IADDR=000005ac IRDATA=00000013 INSTR=00000013
t=3655000 PC=000005b0 IADDR=000005b0 IRDATA=00000013 INSTR=00000013
t=3665000 PC=000005b4 IADDR=000005b4 IRDATA=00000013 INSTR=00000013
t=3675000 PC=000005b8 IADDR=000005b8 IRDATA=00000013 INSTR=00000013
t=3685000 PC=000005bc IADDR=000005bc IRDATA=00000013 INSTR=00000013
t=3695000 PC=000005c0 IADDR=000005c0 IRDATA=00000013 INSTR=00000013
t=3705000 PC=000005c4 IADDR=000005c4 IRDATA=00000013 INSTR=00000013
t=3715000 PC=000005c8 IADDR=000005c8 IRDATA=00000013 INSTR=00000013
t=3725000 PC=000005cc IADDR=000005cc IRDATA=00000013 INSTR=00000013
t=3735000 PC=000005d0 IADDR=000005d0 IRDATA=00000013 INSTR=00000013
t=3745000 PC=000005d4 IADDR=000005d4 IRDATA=00000013 INSTR=00000013
t=3755000 PC=000005d8 IADDR=000005d8 IRDATA=00000013 INSTR=00000013
t=3765000 PC=000005dc IADDR=000005dc IRDATA=00000013 INSTR=00000013
t=3775000 PC=000005e0 IADDR=000005e0 IRDATA=00000013 INSTR=00000013
t=3785000 PC=000005e4 IADDR=000005e4 IRDATA=00000013 INSTR=00000013
t=3795000 PC=000005e8 IADDR=000005e8 IRDATA=00000013 INSTR=00000013
t=3805000 PC=000005ec IADDR=000005ec IRDATA=00000013 INSTR=00000013
t=3815000 PC=000005f0 IADDR=000005f0 IRDATA=00000013 INSTR=00000013
t=3825000 PC=000005f4 IADDR=000005f4 IRDATA=00000013 INSTR=00000013
t=3835000 PC=000005f8 IADDR=000005f8 IRDATA=00000013 INSTR=00000013
t=3845000 PC=000005fc IADDR=000005fc IRDATA=00000013 INSTR=00000013
t=3855000 PC=00000600 IADDR=00000600 IRDATA=00000013 INSTR=00000013
t=3865000 PC=00000604 IADDR=00000604 IRDATA=00000013 INSTR=00000013
t=3875000 PC=00000608 IADDR=00000608 IRDATA=00000013 INSTR=00000013
t=3885000 PC=0000060c IADDR=0000060c IRDATA=00000013 INSTR=00000013
t=3895000 PC=00000610 IADDR=00000610 IRDATA=00000013 INSTR=00000013
t=3905000 PC=00000614 IADDR=00000614 IRDATA=00000013 INSTR=00000013
t=3915000 PC=00000618 IADDR=00000618 IRDATA=00000013 INSTR=00000013
t=3925000 PC=0000061c IADDR=0000061c IRDATA=00000013 INSTR=00000013
t=3935000 PC=00000620 IADDR=00000620 IRDATA=00000013 INSTR=00000013
t=3945000 PC=00000624 IADDR=00000624 IRDATA=00000013 INSTR=00000013
t=3955000 PC=00000628 IADDR=00000628 IRDATA=00000013 INSTR=00000013
t=3965000 PC=0000062c IADDR=0000062c IRDATA=00000013 INSTR=00000013
t=3975000 PC=00000630 IADDR=00000630 IRDATA=00000013 INSTR=00000013
t=3985000 PC=00000634 IADDR=00000634 IRDATA=00000013 INSTR=00000013
t=3995000 PC=00000638 IADDR=00000638 IRDATA=00000013 INSTR=00000013
t=4005000 PC=0000063c IADDR=0000063c IRDATA=00000013 INSTR=00000013
t=4015000 PC=00000640 IADDR=00000640 IRDATA=00000013 INSTR=00000013
t=4025000 PC=00000644 IADDR=00000644 IRDATA=00000013 INSTR=00000013
t=4035000 PC=00000648 IADDR=00000648 IRDATA=00000013 INSTR=00000013
t=4045000 PC=0000064c IADDR=0000064c IRDATA=00000013 INSTR=00000013
t=4055000 PC=00000650 IADDR=00000650 IRDATA=00000013 INSTR=00000013
t=4065000 PC=00000654 IADDR=00000654 IRDATA=00000013 INSTR=00000013
t=4075000 PC=00000658 IADDR=00000658 IRDATA=00000013 INSTR=00000013
t=4085000 PC=0000065c IADDR=0000065c IRDATA=00000013 INSTR=00000013
t=4095000 PC=00000660 IADDR=00000660 IRDATA=00000013 INSTR=00000013
t=4105000 PC=00000664 IADDR=00000664 IRDATA=00000013 INSTR=00000013
t=4115000 PC=00000668 IADDR=00000668 IRDATA=00000013 INSTR=00000013
t=4125000 PC=0000066c IADDR=0000066c IRDATA=00000013 INSTR=00000013
t=4135000 PC=00000670 IADDR=00000670 IRDATA=00000013 INSTR=00000013
t=4145000 PC=00000674 IADDR=00000674 IRDATA=00000013 INSTR=00000013
t=4155000 PC=00000678 IADDR=00000678 IRDATA=00000013 INSTR=00000013
t=4165000 PC=0000067c IADDR=0000067c IRDATA=00000013 INSTR=00000013
t=4175000 PC=00000680 IADDR=00000680 IRDATA=00000013 INSTR=00000013
t=4185000 PC=00000684 IADDR=00000684 IRDATA=00000013 INSTR=00000013
t=4195000 PC=00000688 IADDR=00000688 IRDATA=00000013 INSTR=00000013
t=4205000 PC=0000068c IADDR=0000068c IRDATA=00000013 INSTR=00000013
t=4215000 PC=00000690 IADDR=00000690 IRDATA=00000013 INSTR=00000013
t=4225000 PC=00000694 IADDR=00000694 IRDATA=00000013 INSTR=00000013
t=4235000 PC=00000698 IADDR=00000698 IRDATA=00000013 INSTR=00000013
t=4245000 PC=0000069c IADDR=0000069c IRDATA=00000013 INSTR=00000013
t=4255000 PC=000006a0 IADDR=000006a0 IRDATA=00000013 INSTR=00000013
t=4265000 PC=000006a4 IADDR=000006a4 IRDATA=00000013 INSTR=00000013
t=4275000 PC=000006a8 IADDR=000006a8 IRDATA=00000013 INSTR=00000013
t=4285000 PC=000006ac IADDR=000006ac IRDATA=00000013 INSTR=00000013
t=4295000 PC=000006b0 IADDR=000006b0 IRDATA=00000013 INSTR=00000013
t=4305000 PC=000006b4 IADDR=000006b4 IRDATA=00000013 INSTR=00000013
t=4315000 PC=000006b8 IADDR=000006b8 IRDATA=00000013 INSTR=00000013
t=4325000 PC=000006bc IADDR=000006bc IRDATA=00000013 INSTR=00000013
t=4335000 PC=000006c0 IADDR=000006c0 IRDATA=00000013 INSTR=00000013
t=4345000 PC=000006c4 IADDR=000006c4 IRDATA=00000013 INSTR=00000013
t=4355000 PC=000006c8 IADDR=000006c8 IRDATA=00000013 INSTR=00000013
t=4365000 PC=000006cc IADDR=000006cc IRDATA=00000013 INSTR=00000013
t=4375000 PC=000006d0 IADDR=000006d0 IRDATA=00000013 INSTR=00000013
t=4385000 PC=000006d4 IADDR=000006d4 IRDATA=00000013 INSTR=00000013
t=4395000 PC=000006d8 IADDR=000006d8 IRDATA=00000013 INSTR=00000013
t=4405000 PC=000006dc IADDR=000006dc IRDATA=00000013 INSTR=00000013
t=4415000 PC=000006e0 IADDR=000006e0 IRDATA=00000013 INSTR=00000013
t=4425000 PC=000006e4 IADDR=000006e4 IRDATA=00000013 INSTR=00000013
t=4435000 PC=000006e8 IADDR=000006e8 IRDATA=00000013 INSTR=00000013
t=4445000 PC=000006ec IADDR=000006ec IRDATA=00000013 INSTR=00000013
t=4455000 PC=000006f0 IADDR=000006f0 IRDATA=00000013 INSTR=00000013
t=4465000 PC=000006f4 IADDR=000006f4 IRDATA=00000013 INSTR=00000013
t=4475000 PC=000006f8 IADDR=000006f8 IRDATA=00000013 INSTR=00000013
t=4485000 PC=000006fc IADDR=000006fc IRDATA=00000013 INSTR=00000013
t=4495000 PC=00000700 IADDR=00000700 IRDATA=00000013 INSTR=00000013
t=4505000 PC=00000704 IADDR=00000704 IRDATA=00000013 INSTR=00000013
t=4515000 PC=00000708 IADDR=00000708 IRDATA=00000013 INSTR=00000013
t=4525000 PC=0000070c IADDR=0000070c IRDATA=00000013 INSTR=00000013
t=4535000 PC=00000710 IADDR=00000710 IRDATA=00000013 INSTR=00000013
t=4545000 PC=00000714 IADDR=00000714 IRDATA=00000013 INSTR=00000013
t=4555000 PC=00000718 IADDR=00000718 IRDATA=00000013 INSTR=00000013
t=4565000 PC=0000071c IADDR=0000071c IRDATA=00000013 INSTR=00000013
t=4575000 PC=00000720 IADDR=00000720 IRDATA=00000013 INSTR=00000013
t=4585000 PC=00000724 IADDR=00000724 IRDATA=00000013 INSTR=00000013
t=4595000 PC=00000728 IADDR=00000728 IRDATA=00000013 INSTR=00000013
t=4605000 PC=0000072c IADDR=0000072c IRDATA=00000013 INSTR=00000013
t=4615000 PC=00000730 IADDR=00000730 IRDATA=00000013 INSTR=00000013
t=4625000 PC=00000734 IADDR=00000734 IRDATA=00000013 INSTR=00000013
t=4635000 PC=00000738 IADDR=00000738 IRDATA=00000013 INSTR=00000013
t=4645000 PC=0000073c IADDR=0000073c IRDATA=00000013 INSTR=00000013
t=4655000 PC=00000740 IADDR=00000740 IRDATA=00000013 INSTR=00000013
t=4665000 PC=00000744 IADDR=00000744 IRDATA=00000013 INSTR=00000013
t=4675000 PC=00000748 IADDR=00000748 IRDATA=00000013 INSTR=00000013
t=4685000 PC=0000074c IADDR=0000074c IRDATA=00000013 INSTR=00000013
t=4695000 PC=00000750 IADDR=00000750 IRDATA=00000013 INSTR=00000013
t=4705000 PC=00000754 IADDR=00000754 IRDATA=00000013 INSTR=00000013
t=4715000 PC=00000758 IADDR=00000758 IRDATA=00000013 INSTR=00000013
t=4725000 PC=0000075c IADDR=0000075c IRDATA=00000013 INSTR=00000013
t=4735000 PC=00000760 IADDR=00000760 IRDATA=00000013 INSTR=00000013
t=4745000 PC=00000764 IADDR=00000764 IRDATA=00000013 INSTR=00000013
t=4755000 PC=00000768 IADDR=00000768 IRDATA=00000013 INSTR=00000013
t=4765000 PC=0000076c IADDR=0000076c IRDATA=00000013 INSTR=00000013
t=4775000 PC=00000770 IADDR=00000770 IRDATA=00000013 INSTR=00000013
t=4785000 PC=00000774 IADDR=00000774 IRDATA=00000013 INSTR=00000013
t=4795000 PC=00000778 IADDR=00000778 IRDATA=00000013 INSTR=00000013
t=4805000 PC=0000077c IADDR=0000077c IRDATA=00000013 INSTR=00000013
t=4815000 PC=00000780 IADDR=00000780 IRDATA=00000013 INSTR=00000013
t=4825000 PC=00000784 IADDR=00000784 IRDATA=00000013 INSTR=00000013
t=4835000 PC=00000788 IADDR=00000788 IRDATA=00000013 INSTR=00000013
t=4845000 PC=0000078c IADDR=0000078c IRDATA=00000013 INSTR=00000013
t=4855000 PC=00000790 IADDR=00000790 IRDATA=00000013 INSTR=00000013
t=4865000 PC=00000794 IADDR=00000794 IRDATA=00000013 INSTR=00000013
t=4875000 PC=00000798 IADDR=00000798 IRDATA=00000013 INSTR=00000013
t=4885000 PC=0000079c IADDR=0000079c IRDATA=00000013 INSTR=00000013
t=4895000 PC=000007a0 IADDR=000007a0 IRDATA=00000013 INSTR=00000013
t=4905000 PC=000007a4 IADDR=000007a4 IRDATA=00000013 INSTR=00000013
t=4915000 PC=000007a8 IADDR=000007a8 IRDATA=00000013 INSTR=00000013
t=4925000 PC=000007ac IADDR=000007ac IRDATA=00000013 INSTR=00000013
t=4935000 PC=000007b0 IADDR=000007b0 IRDATA=00000013 INSTR=00000013
t=4945000 PC=000007b4 IADDR=000007b4 IRDATA=00000013 INSTR=00000013
t=4955000 PC=000007b8 IADDR=000007b8 IRDATA=00000013 INSTR=00000013
t=4965000 PC=000007bc IADDR=000007bc IRDATA=00000013 INSTR=00000013
t=4975000 PC=000007c0 IADDR=000007c0 IRDATA=00000013 INSTR=00000013
t=4985000 PC=000007c4 IADDR=000007c4 IRDATA=00000013 INSTR=00000013
t=4995000 PC=000007c8 IADDR=000007c8 IRDATA=00000013 INSTR=00000013

================================
Simulation Finished
PC    = 000007c8
INST  = 00000013
ALU   = 00000000
================================
tb/tb_top.v:66: $finish called at 5000000 (1ps)
